{
  "generated_at": "2025-11-23T00:00:00Z",
  "secrets": [],
  "exclude_regex": [],
  "plugins_used": {}
}

# NOTE: This baseline is intentionally empty. After you have purged secrets from history
# and rotated keys, we recommend running `detect-secrets scan > .secrets.baseline` locally
# to create a real baseline that contains known false-positives for your repo.